started
finished
Error: Application entry point (main) did not return a promise.
1
