started
finished
Abnormal exit: Promises not resolved
1
