started
finished
Error: Application entry point did not return a promise.
1
