started
TypeError: Cannot set property 'example' of undefined
    at main (scenarios/error-runtime-deferred.js:)
