started
Error: boom
    at main (scenarios/error-throws.js:)
1
