started
Error: boom
    at main (scenarios/error-immediate.js:)
