started
TypeError: Cannot set property 'example' of undefined
    at main (scenarios/node8-error-runtime-immediate.js:)
1
