Error: Argument parsing is not available (could not find yargs), to install run: npm i yargs
    at Object.noYargs (app.js:)
1
